ok - fm-harness: omp detects by its anchored name; the marker is a precedence override that needs real omp ancestry
ok - session lock and shared liveness: omp is anchored in the binary, launcher, and package-entry shapes, decoys and helpers stay out
ok - fm-harness: bun running the omp launcher detects as omp
ok - fm-harness ancestry: the bun argv rule accepts the launcher and package entry and rejects helpers, decoys, bare runs, and flag mentions
lock acquired: harness pid 60882
ok - fm-lock acquires from bun-launcher ancestry, recognizes the live holder, and refuses a bare bun
ok - fm-spawn: the omp launch line clears markers, pins posture, and wires the state-resident extension
ok - fm-spawn: omp model validation is scoped to providers the listing can prove
ok - fm-spawn: a real omp secondmate launch relies on auto-discovery while crewmates load one -e
ok - fm-spawn: the config/secondmate-harness model pin is validated against the omp catalog before launch
ok - omp extension: agent_start busy, willContinue stays busy, plain agent_end idle, turn_end a notification
ok - control, composer, and supervision-model tables carry omp's verified values
ok - fm-wake-lib: the omp ownership proof is keyed on its own extensions and gates the hand-off tolerance
ok - .omp turn-end guard: digest delivery, seatbelt block, one compelled continuation, flagged stop stands down
ok - .omp watch extension: fm_watch_arm_omp arms once, repeats as a no-op, and delivers an actionable close as one follow-up
ok - .omp watch extension: an in-process helper session's start and shutdown leave the owner armed and are logged as inert; a genuine replacement still takes over
ok - .omp extensions: a nested omp process under the lock-owning session leaves its loaded-build markers and ownership proof intact
ok - .omp watch extension: a nested omp process under the lock-owning session never starts an arm child, while the lock owner arms
ok - .omp watch extension: after a restart, a handed-off close whose queued wake was already acknowledged is not replayed
ok - .omp watch extension: after a restart, a handed-off close whose queued wake is still unacknowledged is replayed exactly once
ok - .omp watch extension: closes sharing one pending recovery generation replay per wake, so acknowledging row 7 replays only row 8
