ok - fm_supervision_unhealthy: false with no state/*.meta at all
ok - fm_supervision_unhealthy: true with in-flight task and no beacon ever
ok - fm_supervision_unhealthy: true with in-flight task and a beacon far outside the grace window
ok - fm_supervision_unhealthy: false with in-flight task and a fresh beacon
ok - fm_supervision_status: FM_SUP_QUEUE_PENDING tracks state/.wake-queue
ok - fm_supervision_needed: X-mode relay poll needs supervision
ok - fm_supervision_unhealthy: source-only home needs supervision
ok - fm_supervision_needed: a registered custom check needs supervision with no task in flight
ok - fm_supervision_needed: a registered check whose bytes drifted still needs supervision
ok - fm_supervision_needed: false for a check.sh with no registration binding
ok - fm_supervision_needed: a task PR poll without a trust binding is not a registered custom check
ok - fm_supervision_status: the relay shim is not counted as a registered custom check
ok - fm-turnend-guard: silent no-op with nothing in flight
not ok - block reason must contain the exact required instruction (missing: 'watcher supervision needs Stop-owned automatic recovery; inspect the hook registration and startup status before ending the turn')
--- output ---
●━━━━━━━━━━━━━━━━━━━━━━━━━━━━━━━━━━━━━━━━━━━━━━━━━━━━━━━━━━━━━━━━━━━━━━━
●  TURN WOULD END BLIND - SUPERVISION IS OFF
●  1 task(s) in flight, but no live watcher holds this home lock (last beat: 0s ago).
●  repair a missing or failed watcher cycle with the omp tool fm_watch_arm_omp, or restart omp inside this home so /private/var/folders/fz/2bhb771x1yj3xhpjvgknp_hh0000gn/T/fm-turnend-guard.EEhzsN/hook-fresh-no-lock/.omp/extensions/fm-primary-turnend-guard.ts and /private/var/folders/fz/2bhb771x1yj3xhpjvgknp_hh0000gn/T/fm-turnend-guard.EEhzsN/hook-fresh-no-lock/.omp/extensions/fm-primary-omp-watch.ts auto-load from .omp/extensions/ (use -e with both paths only when starting omp from another directory).
●━━━━━━━━━━━━━━━━━━━━━━━━━━━━━━━━━━━━━━━━━━━━━━━━━━━━━━━━━━━━━━━━━━━━━━━
exit=1
