fm-lint.sh: ShellCheck 0.11.0 (pinned 0.11.0)
fm-lint.sh: full ShellCheck extended analysis enabled
fm-lint-workflows.sh: actionlint 1.7.12 (pinned 1.7.12)
fm-lint-workflows.sh: 3 workflow files valid
      175.09 real       168.05 user         4.61 sys
          6518259712  maximum resident set size
                   0  average shared memory size
                   0  average unshared data size
                   0  average unshared stack size
             2331914  page reclaims
                 997  page faults
                   0  swaps
                   0  block input operations
                   0  block output operations
                   0  messages sent
                   0  messages received
                 404  signals received
                2897  voluntary context switches
               76694  involuntary context switches
           360326606  instructions retired
           246157632  cycles elapsed
             2310504  peak memory footprint
exit=0 wall=175s
