fm-lint.sh: ShellCheck 0.11.0 (pinned 0.11.0)
fm-lint.sh: full ShellCheck extended analysis enabled
fm-lint-workflows.sh: actionlint 1.7.12 (pinned 1.7.12)
fm-lint-workflows.sh: 3 workflow files valid
      119.99 real       113.46 user         4.01 sys
          4603527168  maximum resident set size
                   0  average shared memory size
                   0  average unshared data size
                   0  average unshared stack size
             2077474  page reclaims
                 997  page faults
                   0  swaps
                   0  block input operations
                   0  block output operations
                   0  messages sent
                   0  messages received
                 395  signals received
                2871  voluntary context switches
               54639  involuntary context switches
           365364527  instructions retired
           243658061  cycles elapsed
             2310504  peak memory footprint
exit=0 wall=120s
