ok - watcher-carried status append publishes the real home summary
ok - large backlog snapshots and home-summary publication stay within exec limits
ok - fleet snapshot transport does not require or mutate operational state
ok - parent snapshot consumes large child ledgers without argument transport
ok - live watcher cadence bounds publication staleness without signals
ok - fleet snapshot consumes the published local ledger by default
ok - writer kill and replacement preserve an atomic JSON ledger
ok - best-effort publication logs and continues
Terminated: 15
Terminated: 15
ok - best-effort refresh bounds publication lock acquisition
Terminated: 15
ok - best-effort refresh bounds validation and publication
ok - best-effort refresh bounds state initialization
ok - best-effort refresh logs worker termination
ok - best-effort refresh bounds failure reporting fallback
ok - valid publication ignores an unavailable failure record
ok - publication completes on a home carrying accumulated status history
ok - producer skips remote per-task state probes
ok - a stalled publication does not delay the watcher liveness beacon
ok - publication remains single-flight across watcher restart
ok - bootstrap scopes retained failures to the current publication
Terminated: 15
ok - failure records preserve refresh attempt ordering
ok - repeated publication failure is reported at session start until it clears
